"Date","Niveau","Allonge","Assis","SessionID","formattedDate","serie"
"1623830400","2","True","True","user1","16/06/2021","1"
"1623830400","2","True","False","user1.1","16/06/2021","0"
"1623830400","2","False","True","user1.1","16/06/2021","1"
"1623830400","1","False","True","user1.2","16/06/2021","0"
"1623830400","1","False","True","user1.2","16/06/2021","0"
"1623830400","1","True","False","user1.2","16/06/2021","0"
"1623830400","1","True","False","user1.2","16/06/2021","1"
