"Date","Niveau","Allonge","Assis","SessionID","formattedDate","serie"
"1623801600","2","True","True","user3","17/06/2021","1"
"1624060800","2","True","True","user3","19/06/2021","2"
"1624147200","2","True","True","user3","20/06/2021","3"
"1624233600","2","True","True","user3","21/06/2021","4"
"1624320000","2","True","True","user3","22/06/2021","5"
"1624492800","2","True","True","user3","24/06/2021","6"
