"Date","Niveau","Allonge","Assis","SessionID","formattedDate","serie"
"1623801600","2","True","True","user2","17/06/2021","1"
"1624060800","2","True","True","user2","19/06/2021","2"
"1624147200","2","True","True","user2","20/06/2021","3"
"1624320000","2","True","True","user2","22/06/2021","0"
